select realtime.check_equality_op('eq', 'text', 'aaa', 'aaa');
 check_equality_op 
-------------------
 t
(1 row)

select realtime.check_equality_op('eq', 'text', 'aaa', 'bbb');
 check_equality_op 
-------------------
 f
(1 row)

select realtime.check_equality_op('neq', 'text', 'aaa', 'aaa');
 check_equality_op 
-------------------
 f
(1 row)

select realtime.check_equality_op('neq', 'text', 'aaa', 'bbb');
 check_equality_op 
-------------------
 t
(1 row)

select realtime.check_equality_op('lt', 'text', 'aaa', 'bbb');
 check_equality_op 
-------------------
 t
(1 row)

select realtime.check_equality_op('lt', 'text', 'bbb', 'aaa');
 check_equality_op 
-------------------
 f
(1 row)

select realtime.check_equality_op('lt', 'text', 'bbb', 'bbb');
 check_equality_op 
-------------------
 f
(1 row)

select realtime.check_equality_op('lte', 'text', 'aaa', 'bbb');
 check_equality_op 
-------------------
 t
(1 row)

select realtime.check_equality_op('lte', 'text', 'bbb', 'aaa');
 check_equality_op 
-------------------
 f
(1 row)

select realtime.check_equality_op('lte', 'text', 'bbb', 'bbb');
 check_equality_op 
-------------------
 t
(1 row)

select realtime.check_equality_op('gt', 'text', 'aaa', 'bbb');
 check_equality_op 
-------------------
 f
(1 row)

select realtime.check_equality_op('gt', 'text', 'bbb', 'aaa');
 check_equality_op 
-------------------
 t
(1 row)

select realtime.check_equality_op('gt', 'text', 'bbb', 'bbb');
 check_equality_op 
-------------------
 f
(1 row)

select realtime.check_equality_op('gte', 'text', 'aaa', 'bbb');
 check_equality_op 
-------------------
 f
(1 row)

select realtime.check_equality_op('gte', 'text', 'bbb', 'aaa');
 check_equality_op 
-------------------
 t
(1 row)

select realtime.check_equality_op('gte', 'text', 'bbb', 'bbb');
 check_equality_op 
-------------------
 t
(1 row)

select realtime.check_equality_op('eq', 'bigint', '1', '1');
 check_equality_op 
-------------------
 t
(1 row)

select realtime.check_equality_op('eq', 'bigint', '2', '1');
 check_equality_op 
-------------------
 f
(1 row)

select realtime.check_equality_op('eq', 'bigint', '2', null);
 check_equality_op 
-------------------
 
(1 row)

select realtime.check_equality_op('eq','uuid','639f86b1-738b-43ed-bb09-c8d3f3bafa30','639f86b1-738b-43ed-bb09-c8d3f3bafa30');
 check_equality_op 
-------------------
 t
(1 row)

select realtime.check_equality_op('eq','uuid','639f86b1-738b-43ed-bb09-c8d3f3bafa30','b423f213-ac24-402a-95ea-cf1d94d8e9f0');
 check_equality_op 
-------------------
 f
(1 row)

