/*
    Test that the "old_record" key for updates (and deletes) contains all columns
    when the replica identity is full

*/
select 1 from pg_create_logical_replication_slot('realtime', 'wal2json', false);
 ?column? 
----------
        1
(1 row)

create table public.notes(
    pk1 int,
    pk2 char,
    body text,
    primary key (pk1, pk2)
);
alter table public.notes replica identity full;
insert into realtime.subscription(subscription_id, entity, claims)
select
    seed_uuid(1),
    'public.notes',
    jsonb_build_object(
        'role', 'authenticated',
        'email', 'example@example.com',
        'sub', seed_uuid(1)::text
    );
insert into public.notes(pk1, pk2, body) values (1, 'a', 'take out trash');
select clear_wal();
 clear_wal 
-----------
 
(1 row)

update public.notes set pk1 =1;
select
    rec,
    is_rls_enabled,
    subscription_ids,
    errors
from
   walrus;
                        rec                         | is_rls_enabled |            subscription_ids            | errors 
----------------------------------------------------+----------------+----------------------------------------+--------
 {                                                 +| f              | {f4539ebe-c779-5788-bbc1-2421ffaa8954} | {}
     "type": "UPDATE",                             +|                |                                        | 
     "table": "notes",                             +|                |                                        | 
     "record": {                                   +|                |                                        | 
         "pk1": 1,                                 +|                |                                        | 
         "pk2": "a",                               +|                |                                        | 
         "body": "take out trash"                  +|                |                                        | 
     },                                            +|                |                                        | 
     "schema": "public",                           +|                |                                        | 
     "columns": [                                  +|                |                                        | 
         {                                         +|                |                                        | 
             "name": "pk1",                        +|                |                                        | 
             "type": "int4"                        +|                |                                        | 
         },                                        +|                |                                        | 
         {                                         +|                |                                        | 
             "name": "pk2",                        +|                |                                        | 
             "type": "bpchar"                      +|                |                                        | 
         },                                        +|                |                                        | 
         {                                         +|                |                                        | 
             "name": "body",                       +|                |                                        | 
             "type": "text"                        +|                |                                        | 
         }                                         +|                |                                        | 
     ],                                            +|                |                                        | 
     "old_record": {                               +|                |                                        | 
         "pk1": 1,                                 +|                |                                        | 
         "pk2": "a",                               +|                |                                        | 
         "body": "take out trash"                  +|                |                                        | 
     },                                            +|                |                                        | 
     "commit_timestamp": "2000-01-01T00:01:01.000Z"+|                |                                        | 
 }                                                  |                |                                        | 
(1 row)

drop table public.notes;
select pg_drop_replication_slot('realtime');
 pg_drop_replication_slot 
--------------------------
 
(1 row)

truncate table realtime.subscription;
